###############################################################################
#
# IAR ANSI C/C++ Compiler V8.40.2.214/W32 for ARM         11/Mar/2021  12:10:48
# Copyright 1999-2019 IAR Systems AB.
#
#    Cpu mode     =  
#    Endian       =  little
#    Source file  =
#        E:\Git\@@@@\RTOS\RtosWrapper\AHardware\IrqController\irqcontroller.cpp
#    Command line =
#        -f C:\Users\D9F8~1\AppData\Local\Temp\EWC089.tmp
#        (E:\Git\@@@@\RTOS\RtosWrapper\AHardware\IrqController\irqcontroller.cpp
#        -lC E:\Git\@@@@\RTOS\RtosWrapper\Debug\List -lA
#        E:\Git\@@@@\RTOS\RtosWrapper\Debug\List -o
#        E:\Git\@@@@\RTOS\RtosWrapper\Debug\Obj --no_cse --no_unroll
#        --no_inline --no_code_motion --no_tbaa --no_clustering --no_scheduling
#        --debug --endian=little --cpu=Cortex-M4 -e --fpu=VFPv4_sp
#        --dlib_config "D:\@@@@@\@@@@@@\7
#        @@@@@\IAR\arm\inc\c\DLib_Config_Normal.h" -I
#        E:\Git\@@@@\RTOS\RtosWrapper\Rtos\ -I
#        E:\Git\@@@@\RTOS\RtosWrapper\Rtos\wrapper\ -I
#        E:\Git\@@@@\RTOS\RtosWrapper\Rtos\wrapper\FreeRtos\ -I
#        E:\Git\@@@@\RTOS\RtosWrapper\Rtos\FreeRtos\ -I
#        E:\Git\@@@@\RTOS\RtosWrapper\Rtos\FreeRtos\include\ -I
#        E:\Git\@@@@\RTOS\RtosWrapper\Rtos\FreeRtos\portable\ -I
#        E:\Git\@@@@\RTOS\RtosWrapper\Rtos\FreeRtos\portable\Common\ -I
#        E:\Git\@@@@\RTOS\RtosWrapper\Rtos\FreeRtos\portable\IAR\ -I
#        E:\Git\@@@@\RTOS\RtosWrapper\Rtos\FreeRtos\portable\IAR\ARM_CM4F\
#        -I E:\Git\@@@@\RTOS\RtosWrapper\Rtos\FreeRtos\portable\MemMang\ -I
#        E:\Git\@@@@\RTOS\RtosWrapper\MyTasks\ -I
#        E:\Git\@@@@\RTOS\RtosWrapper\Common\ -I
#        E:\Git\@@@@\RTOS\RtosWrapper\CMSIS\ -I
#        E:\Git\@@@@\RTOS\RtosWrapper\Application\ -I
#        E:\Git\@@@@\RTOS\RtosWrapper\Application\Diagnostic\ -I
#        E:\Git\@@@@\RTOS\RtosWrapper\AHardware\ -I
#        E:\Git\@@@@\RTOS\RtosWrapper\AHardware\GpioPort\ -I
#        E:\Git\@@@@\RTOS\RtosWrapper\AHardware\IrqController\ -I
#        E:\Git\@@@@\RTOS\RtosWrapper\..\CortexLib\AbstractHardware\Pin\ -I
#        E:\Git\@@@@\RTOS\RtosWrapper\..\CortexLib\AbstractHardware\Registers\STM32F411\FieldValues\
#        -I
#        E:\Git\@@@@\RTOS\RtosWrapper\..\CortexLib\AbstractHardware\Registers\STM32F411\
#        -I
#        E:\Git\@@@@\RTOS\RtosWrapper\..\CortexLib\AbstractHardware\Registers\
#        -I
#        E:\Git\@@@@\RTOS\RtosWrapper\..\CortexLib\AbstractHardware\Port\
#        -I
#        E:\Git\@@@@\RTOS\RtosWrapper\..\CortexLib\AbstractHardware\Atomic\
#        -I E:\Git\@@@@\RTOS\RtosWrapper\..\CortexLib\Common\ -I
#        E:\Git\@@@@\RTOS\RtosWrapper\..\CortexLib\Common\Singleton\ -I
#        E:\Git\@@@@\RTOS\RtosWrapper\..\CortexLib\Common\RomObject\ -I
#        E:\Git\@@@@\RTOS\RtosWrapper\AHardware\STM32F411\FieldValues\ -I
#        E:\Git\@@@@\RTOS\RtosWrapper\AHardware\CortexM4\ -I
#        C:\Users\User\Desktop\RtosWrapper\AHardware\CortexM4\FieldValues\ -I
#        E:\Git\@@@@\RTOS\RtosWrapper\AHardware\CortexM4\ -I
#        E:\Git\@@@@\RTOS\RtosWrapper\AHardware\STM32F411\ -Ol --c++
#        --no_exceptions --no_rtti)
#    Locale       =  C
#    List file    =
#        E:\Git\@@@@\RTOS\RtosWrapper\Debug\List\irqcontroller.lst
#    Object file  =  E:\Git\@@@@\RTOS\RtosWrapper\Debug\Obj\irqcontroller.o
#
###############################################################################

E:\Git\@@@@\RTOS\RtosWrapper\AHardware\IrqController\irqcontroller.cpp
      1          //
Warning[Ms014]: some characters could not be correctly encoded in
          "E:\Git\@@@@\RTOS\RtosWrapper\Debug\List\irqcontroller.s", and have
          been replaced with '@'. The first such character has unicode code
          point 0x41f ("@")
      2          // Created by Sergey on 27.08.2018.
      3          //
      4          #include "irqcontroller.hpp"
      5          #include "../../Application/userbutton.hpp"
      6          

   \                                 In section .text, align 2, keep-with-next
      7          void IrqController::HandleIrqExtiLine15_10()
      8          {
      9            //EXTI->PR = EXTI_PR_PR13 ;
     10            //UserButton::GetInstance().HandleInterrupt();
     11          }
   \                     _ZN13IrqController22HandleIrqExtiLine15_10Ev: (+1)
   \        0x0   0x4770             BX       LR               ;; return

   Maximum stack usage in bytes:

   .cstack Function
   ------- --------
       0   IrqController::HandleIrqExtiLine15_10()


   Section sizes:

   Bytes  Function/Label
   -----  --------------
       2  IrqController::HandleIrqExtiLine15_10()

 
 2 bytes in section .text
 
 2 bytes of CODE memory

Errors: none
Warnings: 1
